#-----------------------------------------------------------
# Vivado v2019.1.2 (64-bit)
# SW Build 2615518 on Fri Aug  9 15:53:29 MDT 2019
# IP Build 2614745 on Fri Aug  9 20:55:02 MDT 2019
# Start of session at: Wed Dec  4 14:22:16 2019
# Process ID: 23399
# Current directory: /afs/athena.mit.edu/user/c/o/colinpc/6.111 Final Project/FPGA_SDR
# Command line: vivado
# Log file: /afs/athena.mit.edu/user/c/o/colinpc/6.111 Final Project/FPGA_SDR/vivado.log
# Journal file: /afs/athena.mit.edu/user/c/o/colinpc/6.111 Final Project/FPGA_SDR/vivado.jou
#-----------------------------------------------------------
start_gui
open_project /afs/athena.mit.edu/user/c/o/colinpc/Downloads/fft_demo_all/fft_demo/fft_demo.xpr
reset_run impl_1 -prev_step 
launch_runs impl_1 -to_step write_bitstream -jobs 4
wait_on_run impl_1
update_compile_order -fileset sources_1
open_hw
connect_hw_server
open_hw_target
set_property PROGRAM.FILE {/afs/athena.mit.edu/user/c/o/colinpc/6.111 Final Project/FPGA_SDR/FPGA_SDR_project/FPGA_SDR_project.runs/impl_1/top_level.bit} [get_hw_devices xc7a100t_0]
current_hw_device [get_hw_devices xc7a100t_0]
refresh_hw_device -update_hw_probes false [lindex [get_hw_devices xc7a100t_0] 0]
set_property PROBES.FILE {} [get_hw_devices xc7a100t_0]
set_property FULL_PROBES.FILE {} [get_hw_devices xc7a100t_0]
set_property PROGRAM.FILE {/afs/athena.mit.edu/user/c/o/colinpc/Downloads/fft_demo_all/fft_demo/fft_demo.runs/impl_1/nexys4_fft_demo.bit} [get_hw_devices xc7a100t_0]
program_hw_devices [get_hw_devices xc7a100t_0]
refresh_hw_device [lindex [get_hw_devices xc7a100t_0] 0]
reset_run synth_1
launch_runs impl_1 -to_step write_bitstream -jobs 4
wait_on_run impl_1
set_property PROBES.FILE {} [get_hw_devices xc7a100t_0]
set_property FULL_PROBES.FILE {} [get_hw_devices xc7a100t_0]
set_property PROGRAM.FILE {/afs/athena.mit.edu/user/c/o/colinpc/Downloads/fft_demo_all/fft_demo/fft_demo.runs/impl_1/nexys4_fft_demo.bit} [get_hw_devices xc7a100t_0]
program_hw_devices [get_hw_devices xc7a100t_0]
refresh_hw_device [lindex [get_hw_devices xc7a100t_0] 0]
