#-----------------------------------------------------------
# Webtalk v2019.1 (64-bit)
# SW Build 2552052 on Fri May 24 14:49:42 MDT 2019
# IP Build 2548770 on Fri May 24 18:01:18 MDT 2019
# Start of session at: Tue Nov 26 10:49:59 2019
# Process ID: 4372
# Current directory: C:/Users/Charles/Desktop/MIT/Fall 2019/6_111/FPGA SDR Final Project/FPGA_SDR/FPGA_SDR/FPGA_SDR_project/FPGA_SDR_project.sim/sim_1/behav/xsim
# Command line: wbtcv.exe -mode batch -source C:/Users/Charles/Desktop/MIT/Fall 2019/6_111/FPGA SDR Final Project/FPGA_SDR/FPGA_SDR/FPGA_SDR_project/FPGA_SDR_project.sim/sim_1/behav/xsim/xsim.dir/AM_BP_Filter_tb_behav/webtalk/xsim_webtalk.tcl -notrace
# Log file: C:/Users/Charles/Desktop/MIT/Fall 2019/6_111/FPGA SDR Final Project/FPGA_SDR/FPGA_SDR/FPGA_SDR_project/FPGA_SDR_project.sim/sim_1/behav/xsim/webtalk.log
# Journal file: C:/Users/Charles/Desktop/MIT/Fall 2019/6_111/FPGA SDR Final Project/FPGA_SDR/FPGA_SDR/FPGA_SDR_project/FPGA_SDR_project.sim/sim_1/behav/xsim\webtalk.jou
#-----------------------------------------------------------
source C:/Users/Charles/Desktop/MIT/Fall -notrace
